
> matrimony@0.0.0 build
> vite build

[36mvite v7.3.1 [32mbuilding client environment for production...[36m[39m
transforming...
[32mΓ£ô[39m 30 modules transformed.
node.exe : [31mΓ£ù[39m 
Build failed in 541ms
At C:\Program 
Files\nodejs\npm.ps1:29 
char:3
+   & $NODE_EXE $NPM_CLI_JS 
$args
+   
~~~~~~~~~~~~~~~~~~~~~~~~~~~~~
    + CategoryInfo           
   : NotSpecified: ([31mΓ£  
  ù[39m Build failed in 5   
 41ms:String) [], RemoteE    
xception
    + FullyQualifiedErrorId  
   : NativeCommandError
 
[31merror during build:
[31m[vite]: Rollup failed 
to resolve import 
"react-image-crop" from "C:/M
atrimony/frontend/src/pages/R
egister.jsx".
This is most likely 
unintended because it can 
break your application at 
runtime.
If you do want to 
externalize this module 
explicitly add it to
`build.rollupOptions.external
`[31m
    at viteLog (file:///C:/Ma
trimony/frontend/node_modules
/vite/dist/node/chunks/config
.js:33635:57)
    at file:///C:/Matrimony/f
rontend/node_modules/vite/dis
t/node/chunks/config.js:33669
:73
    at onwarn (file:///C:/Mat
rimony/frontend/node_modules/
@vitejs/plugin-react/dist/ind
ex.js:76:7)
    at file:///C:/Matrimony/f
rontend/node_modules/vite/dis
t/node/chunks/config.js:33669
:28
    at onRollupLog (file:///C
:/Matrimony/frontend/node_mod
ules/vite/dist/node/chunks/co
nfig.js:33664:63)
    at onLog (file:///C:/Matr
imony/frontend/node_modules/v
ite/dist/node/chunks/config.j
s:33467:4)
    at file:///C:/Matrimony/f
rontend/node_modules/rollup/d
ist/es/shared/node-entry.js:2
0958:32
    at Object.logger [as 
onLog] (file:///C:/Matrimony/
frontend/node_modules/rollup/
dist/es/shared/node-entry.js:
22945:9)
    at ModuleLoader.handleInv
alidResolvedId (file:///C:/Ma
trimony/frontend/node_modules
/rollup/dist/es/shared/node-e
ntry.js:21689:26)
    at file:///C:/Matrimony/f
rontend/node_modules/rollup/d
ist/es/shared/node-entry.js:2
1647:26[39m
